// Jest Snapshot v1, https://goo.gl/fbAQLP

exports[`snapshot test 1`] = `
Object {
  "Parameters": Object {
    "BootstrapVersion": Object {
      "Default": "/cdk-bootstrap/hnb659fds/version",
      "Description": "Version of the CDK Bootstrap resources in this environment, automatically retrieved from SSM Parameter Store. [cdk:skip]",
      "Type": "AWS::SSM::Parameter::Value<String>",
    },
  },
  "Resources": Object {
    "LambdaLayerVersionCleanerDeleteOldLambdaLayerVersionsFunction28B1F8EF": Object {
      "DependsOn": Array [
        "LambdaLayerVersionCleanerDeleteOldLambdaLayerVersionsFunctionServiceRoleDefaultPolicy0ECA84B8",
        "LambdaLayerVersionCleanerDeleteOldLambdaLayerVersionsFunctionServiceRoleEDFD15B3",
      ],
      "Properties": Object {
        "Code": Object {
          "S3Bucket": Object {
            "Fn::Sub": "cdk-hnb659fds-assets-\${AWS::AccountId}-\${AWS::Region}",
          },
          "S3Key": "b65454a40357a6da6d370acb3be4ff43b6327e1fd8437a697aac959dd681873f.zip",
        },
        "Description": "src/lambda/delete-old-lambda-layer-versions.lambda.ts",
        "Environment": Object {
          "Variables": Object {
            "AWS_NODEJS_CONNECTION_REUSE_ENABLED": "1",
            "RETAIN_VERSIONS": "10",
          },
        },
        "Handler": "index.handler",
        "MemorySize": 256,
        "Role": Object {
          "Fn::GetAtt": Array [
            "LambdaLayerVersionCleanerDeleteOldLambdaLayerVersionsFunctionServiceRoleEDFD15B3",
            "Arn",
          ],
        },
        "Runtime": "nodejs18.x",
        "Timeout": 900,
      },
      "Type": "AWS::Lambda::Function",
    },
    "LambdaLayerVersionCleanerDeleteOldLambdaLayerVersionsFunctionLogGroup719934B4": Object {
      "DeletionPolicy": "Delete",
      "Properties": Object {
        "LogGroupName": Object {
          "Fn::Join": Array [
            "",
            Array [
              "/aws/lambda/",
              Object {
                "Ref": "LambdaLayerVersionCleanerDeleteOldLambdaLayerVersionsFunction28B1F8EF",
              },
            ],
          ],
        },
        "RetentionInDays": 731,
      },
      "Type": "AWS::Logs::LogGroup",
      "UpdateReplacePolicy": "Delete",
    },
    "LambdaLayerVersionCleanerDeleteOldLambdaLayerVersionsFunctionServiceRoleDefaultPolicy0ECA84B8": Object {
      "Properties": Object {
        "PolicyDocument": Object {
          "Statement": Array [
            Object {
              "Action": Array [
                "lambda:ListLayers",
                "lambda:ListLayerVersions",
                "lambda:DeleteLayerVersion",
              ],
              "Effect": "Allow",
              "Resource": "*",
            },
          ],
          "Version": "2012-10-17",
        },
        "PolicyName": "LambdaLayerVersionCleanerDeleteOldLambdaLayerVersionsFunctionServiceRoleDefaultPolicy0ECA84B8",
        "Roles": Array [
          Object {
            "Ref": "LambdaLayerVersionCleanerDeleteOldLambdaLayerVersionsFunctionServiceRoleEDFD15B3",
          },
        ],
      },
      "Type": "AWS::IAM::Policy",
    },
    "LambdaLayerVersionCleanerDeleteOldLambdaLayerVersionsFunctionServiceRoleEDFD15B3": Object {
      "Properties": Object {
        "AssumeRolePolicyDocument": Object {
          "Statement": Array [
            Object {
              "Action": "sts:AssumeRole",
              "Effect": "Allow",
              "Principal": Object {
                "Service": "lambda.amazonaws.com",
              },
            },
          ],
          "Version": "2012-10-17",
        },
        "ManagedPolicyArns": Array [
          Object {
            "Fn::Join": Array [
              "",
              Array [
                "arn:",
                Object {
                  "Ref": "AWS::Partition",
                },
                ":iam::aws:policy/service-role/AWSLambdaBasicExecutionRole",
              ],
            ],
          },
        ],
      },
      "Type": "AWS::IAM::Role",
    },
    "LambdaLayerVersionCleanerLayerCleanerScheduleRule19B25384": Object {
      "Properties": Object {
        "ScheduleExpression": "rate(1 day)",
        "State": "ENABLED",
        "Targets": Array [
          Object {
            "Arn": Object {
              "Fn::GetAtt": Array [
                "LambdaLayerVersionCleanerDeleteOldLambdaLayerVersionsFunction28B1F8EF",
                "Arn",
              ],
            },
            "Id": "Target0",
          },
        ],
      },
      "Type": "AWS::Events::Rule",
    },
    "LambdaLayerVersionCleanerLayerCleanerScheduleRuleAllowEventRuleExampleStackLambdaLayerVersionCleanerDeleteOldLambdaLayerVersionsFunction9C0A7640D3B4CCBB": Object {
      "Properties": Object {
        "Action": "lambda:InvokeFunction",
        "FunctionName": Object {
          "Fn::GetAtt": Array [
            "LambdaLayerVersionCleanerDeleteOldLambdaLayerVersionsFunction28B1F8EF",
            "Arn",
          ],
        },
        "Principal": "events.amazonaws.com",
        "SourceArn": Object {
          "Fn::GetAtt": Array [
            "LambdaLayerVersionCleanerLayerCleanerScheduleRule19B25384",
            "Arn",
          ],
        },
      },
      "Type": "AWS::Lambda::Permission",
    },
  },
  "Rules": Object {
    "CheckBootstrapVersion": Object {
      "Assertions": Array [
        Object {
          "Assert": Object {
            "Fn::Not": Array [
              Object {
                "Fn::Contains": Array [
                  Array [
                    "1",
                    "2",
                    "3",
                    "4",
                    "5",
                  ],
                  Object {
                    "Ref": "BootstrapVersion",
                  },
                ],
              },
            ],
          },
          "AssertDescription": "CDK bootstrap stack version 6 required. Please run 'cdk bootstrap' with a recent version of the CDK CLI.",
        },
      ],
    },
  },
}
`;
